........................................................................ [  7%]
........................................................................ [ 15%]
........................................................................ [ 23%]
........................................................................ [ 31%]
........................................................................ [ 39%]
........................................................................ [ 47%]
........................................................................ [ 55%]
........................................................................ [ 63%]
........................................................................ [ 71%]
........................................................................ [ 79%]
........................................................................ [ 87%]
........................................................................ [ 95%]
.....................................                                    [100%]
============================= slowest 5 durations ==============================
37.58s call     tests/test_housing.py::test_saved_housing_replays_recovers_and_viewer_follows_new_homes
35.96s call     tests/test_knowledge_sharing.py::test_saved_reports_replay_recovery_and_viewer
31.30s call     tests/test_provisioning.py::test_saved_outing_replays_recovers_and_is_visible
28.75s call     tests/test_source_memory.py::test_saved_run_replays_and_recovers_with_memories_and_visible_reroutes
27.56s call     tests/test_social_memory.py::test_default_world_replay_without_social_activation_requirement[26-780]
901 passed in 441.47s (0:07:21)
